Copyright 1986-2021 Xilinx, Inc. All Rights Reserved.
-------------------------------------------------------------------------------------------------------------------------------
| Tool Version : Vivado v.2021.2 (lin64) Build 3367213 Tue Oct 19 02:47:39 MDT 2021
| Date         : Sat Aug 15 08:05:58 2026
| Host         : wx-linux running 64-bit Ubuntu 20.04.6 LTS
| Command      : report_utilization -file /home/wx/Documents/PCIe/pcie_phy_0_ex/board_kcu105/build_k02_dynamic/utilization.rpt
| Design       : kcu105_pcie_phy_bringup_top
| Device       : xcku040-ffva1156-2-e
| Speed File   : -2
| Design State : Physopt postRoute
-------------------------------------------------------------------------------------------------------------------------------

Utilization Design Information

Table of Contents
-----------------
1. CLB Logic
1.1 Summary of Registers by Type
2. CLB Logic Distribution
3. BLOCKRAM
4. ARITHMETIC
5. I/O
6. CLOCK
7. ADVANCED
8. CONFIGURATION
9. Primitives
10. Black Boxes
11. Instantiated Netlists

1. CLB Logic
------------

+----------------------------+------+-------+------------+-----------+-------+
|          Site Type         | Used | Fixed | Prohibited | Available | Util% |
+----------------------------+------+-------+------------+-----------+-------+
| CLB LUTs                   | 1329 |     0 |          0 |    242400 |  0.55 |
|   LUT as Logic             | 1208 |     0 |          0 |    242400 |  0.50 |
|   LUT as Memory            |  121 |     0 |          0 |    112800 |  0.11 |
|     LUT as Distributed RAM |   20 |     0 |            |           |       |
|     LUT as Shift Register  |  101 |     0 |            |           |       |
| CLB Registers              | 2326 |     0 |          0 |    484800 |  0.48 |
|   Register as Flip Flop    | 2326 |     0 |          0 |    484800 |  0.48 |
|   Register as Latch        |    0 |     0 |          0 |    484800 |  0.00 |
| CARRY8                     |   33 |     0 |          0 |     30300 |  0.11 |
| F7 Muxes                   |   14 |     0 |          0 |    121200 |  0.01 |
| F8 Muxes                   |    0 |     0 |          0 |     60600 |  0.00 |
| F9 Muxes                   |    0 |     0 |          0 |     30300 |  0.00 |
+----------------------------+------+-------+------------+-----------+-------+


1.1 Summary of Registers by Type
--------------------------------

+-------+--------------+-------------+--------------+
| Total | Clock Enable | Synchronous | Asynchronous |
+-------+--------------+-------------+--------------+
| 0     |            _ |           - |            - |
| 0     |            _ |           - |          Set |
| 0     |            _ |           - |        Reset |
| 0     |            _ |         Set |            - |
| 0     |            _ |       Reset |            - |
| 0     |          Yes |           - |            - |
| 45    |          Yes |           - |          Set |
| 336   |          Yes |           - |        Reset |
| 28    |          Yes |         Set |            - |
| 1917  |          Yes |       Reset |            - |
+-------+--------------+-------------+--------------+


2. CLB Logic Distribution
-------------------------

+--------------------------------------------+------+-------+------------+-----------+-------+
|                  Site Type                 | Used | Fixed | Prohibited | Available | Util% |
+--------------------------------------------+------+-------+------------+-----------+-------+
| CLB                                        |  395 |     0 |          0 |     30300 |  1.30 |
|   CLBL                                     |  312 |     0 |            |           |       |
|   CLBM                                     |   83 |     0 |            |           |       |
| LUT as Logic                               | 1208 |     0 |          0 |    242400 |  0.50 |
|   using O5 output only                     |   64 |       |            |           |       |
|   using O6 output only                     |  879 |       |            |           |       |
|   using O5 and O6                          |  265 |       |            |           |       |
| LUT as Memory                              |  121 |     0 |          0 |    112800 |  0.11 |
|   LUT as Distributed RAM                   |   20 |     0 |            |           |       |
|     using O5 output only                   |    0 |       |            |           |       |
|     using O6 output only                   |    0 |       |            |           |       |
|     using O5 and O6                        |   20 |       |            |           |       |
|   LUT as Shift Register                    |  101 |     0 |            |           |       |
|     using O5 output only                   |    0 |       |            |           |       |
|     using O6 output only                   |   37 |       |            |           |       |
|     using O5 and O6                        |   64 |       |            |           |       |
| CLB Registers                              | 2326 |     0 |          0 |    484800 |  0.48 |
|   Register driven from within the CLB      | 1036 |       |            |           |       |
|   Register driven from outside the CLB     | 1290 |       |            |           |       |
|     LUT in front of the register is unused |  994 |       |            |           |       |
|     LUT in front of the register is used   |  296 |       |            |           |       |
| Unique Control Sets                        |  137 |       |          0 |     60600 |  0.23 |
+--------------------------------------------+------+-------+------------+-----------+-------+
* * Note: Available Control Sets calculated as Slices * 2, Review the Control Sets Report for more information regarding control sets.


3. BLOCKRAM
-----------

+-------------------+------+-------+------------+-----------+-------+
|     Site Type     | Used | Fixed | Prohibited | Available | Util% |
+-------------------+------+-------+------------+-----------+-------+
| Block RAM Tile    |  8.5 |     0 |          0 |       600 |  1.42 |
|   RAMB36/FIFO*    |    8 |     0 |          0 |       600 |  1.33 |
|     RAMB36E2 only |    8 |       |            |           |       |
|   RAMB18          |    1 |     0 |          0 |      1200 |  0.08 |
|     RAMB18E2 only |    1 |       |            |           |       |
+-------------------+------+-------+------------+-----------+-------+
* Note: Each Block RAM Tile only has one FIFO logic available and therefore can accommodate only one FIFO36E2 or one FIFO18E2. However, if a FIFO18E2 occupies a Block RAM Tile, that tile can still accommodate a RAMB18E2


4. ARITHMETIC
-------------

+-----------+------+-------+------------+-----------+-------+
| Site Type | Used | Fixed | Prohibited | Available | Util% |
+-----------+------+-------+------------+-----------+-------+
| DSPs      |    0 |     0 |          0 |      1920 |  0.00 |
+-----------+------+-------+------------+-----------+-------+


5. I/O
------

+------------------+------+-------+------------+-----------+-------+
|     Site Type    | Used | Fixed | Prohibited | Available | Util% |
+------------------+------+-------+------------+-----------+-------+
| Bonded IOB       |    9 |     9 |          0 |       520 |  1.73 |
| HPIOB            |    0 |     0 |          0 |       416 |  0.00 |
| HRIO             |    9 |     9 |          0 |       104 |  8.65 |
|   INPUT          |    1 |       |            |           |       |
|   OUTPUT         |    8 |       |            |           |       |
|   BIDIR          |    0 |       |            |           |       |
| HPIOBDIFFINBUF   |    0 |     0 |          0 |       192 |  0.00 |
| HPIOBDIFFOUTBUF  |    0 |     0 |          0 |       192 |  0.00 |
| HRIODIFFINBUF    |    0 |     0 |          0 |        48 |  0.00 |
| HRIODIFFOUTBUF   |    0 |     0 |          0 |        48 |  0.00 |
| BITSLICE_CONTROL |    0 |     0 |          0 |        80 |  0.00 |
| BITSLICE_RX_TX   |    0 |     0 |          0 |      3120 |  0.00 |
| BITSLICE_TX      |    0 |     0 |          0 |        80 |  0.00 |
| RIU_OR           |    0 |     0 |          0 |        40 |  0.00 |
+------------------+------+-------+------------+-----------+-------+


6. CLOCK
--------

+----------------------+------+-------+------------+-----------+-------+
|       Site Type      | Used | Fixed | Prohibited | Available | Util% |
+----------------------+------+-------+------------+-----------+-------+
| GLOBAL CLOCK BUFFERs |    4 |     0 |          0 |       480 |  0.83 |
|   BUFGCE             |    1 |     0 |          0 |       240 |  0.42 |
|   BUFGCE_DIV         |    0 |     0 |          0 |        40 |  0.00 |
|   BUFG_GT            |    3 |     0 |          0 |       120 |  2.50 |
|   BUFGCTRL*          |    0 |     0 |          0 |        80 |  0.00 |
| PLLE3_ADV            |    0 |     0 |          0 |        20 |  0.00 |
| MMCME3_ADV           |    0 |     0 |          0 |        10 |  0.00 |
+----------------------+------+-------+------------+-----------+-------+
* Note: Each used BUFGCTRL counts as two GLOBAL CLOCK BUFFERs. This table does not include global clocking resources, only buffer cell usage. See the Clock Utilization Report (report_clock_utilization) for detailed accounting of global clocking resource availability.


7. ADVANCED
-----------

+-----------------+------+-------+------------+-----------+-------+
|    Site Type    | Used | Fixed | Prohibited | Available | Util% |
+-----------------+------+-------+------------+-----------+-------+
| GTHE3_CHANNEL   |    1 |     1 |          0 |        20 |  5.00 |
| GTHE3_COMMON    |    1 |     0 |          0 |         5 | 20.00 |
| IBUFDS_GTE3     |    1 |     1 |          0 |        10 | 10.00 |
| OBUFDS_GTE3     |    0 |     0 |          0 |        10 |  0.00 |
| OBUFDS_GTE3_ADV |    0 |     0 |          0 |        10 |  0.00 |
| PCIE_3_1        |    0 |     0 |          0 |         3 |  0.00 |
| SYSMONE1        |    0 |     0 |          0 |         1 |  0.00 |
+-----------------+------+-------+------------+-----------+-------+


8. CONFIGURATION
----------------

+-------------+------+-------+------------+-----------+-------+
|  Site Type  | Used | Fixed | Prohibited | Available | Util% |
+-------------+------+-------+------------+-----------+-------+
| BSCANE2     |    1 |     0 |          0 |         4 | 25.00 |
| DNA_PORTE2  |    0 |     0 |          0 |         1 |  0.00 |
| EFUSE_USR   |    0 |     0 |          0 |         1 |  0.00 |
| FRAME_ECCE3 |    0 |     0 |          0 |         1 |  0.00 |
| ICAPE3      |    0 |     0 |          0 |         2 |  0.00 |
| MASTER_JTAG |    0 |     0 |          0 |         1 |  0.00 |
| STARTUPE3   |    0 |     0 |          0 |         1 |  0.00 |
+-------------+------+-------+------------+-----------+-------+


9. Primitives
-------------

+---------------+------+---------------------+
|    Ref Name   | Used | Functional Category |
+---------------+------+---------------------+
| FDRE          | 1917 |            Register |
| LUT6          |  468 |                 CLB |
| FDCE          |  336 |            Register |
| LUT3          |  274 |                 CLB |
| LUT4          |  262 |                 CLB |
| LUT5          |  234 |                 CLB |
| LUT2          |  193 |                 CLB |
| SRL16E        |   92 |                 CLB |
| SRLC32E       |   71 |                 CLB |
| FDPE          |   45 |            Register |
| LUT1          |   42 |                 CLB |
| RAMD32        |   36 |                 CLB |
| CARRY8        |   33 |                 CLB |
| FDSE          |   28 |            Register |
| MUXF7         |   14 |                 CLB |
| RAMB36E2      |    8 |            BLOCKRAM |
| OBUF          |    8 |                 I/O |
| RAMS32        |    4 |                 CLB |
| BUFG_GT       |    3 |               Clock |
| SRLC16E       |    2 |                 CLB |
| BUFG_GT_SYNC  |    2 |               Clock |
| RAMB18E2      |    1 |            BLOCKRAM |
| INBUF         |    1 |                 I/O |
| IBUFDS_GTE3   |    1 |            Advanced |
| IBUFCTRL      |    1 |              Others |
| GTHE3_COMMON  |    1 |            Advanced |
| GTHE3_CHANNEL |    1 |            Advanced |
| BUFGCE        |    1 |               Clock |
| BSCANE2       |    1 |       Configuration |
+---------------+------+---------------------+


10. Black Boxes
---------------

+----------+------+
| Ref Name | Used |
+----------+------+


11. Instantiated Netlists
-------------------------

+------------+------+
|  Ref Name  | Used |
+------------+------+
| u_ila_phy  |    1 |
| pcie_phy_0 |    1 |
| dbg_hub    |    1 |
+------------+------+


